Startpoint: _2151_ (rising edge-triggered flip-flop clocked by clk)
Endpoint: _2155_ (rising edge-triggered flip-flop clocked by clk)
Path Group: clk
Path Type: min

Fanout         Cap        Slew       Delay        Time   Description
---------------------------------------------------------------------------------------------
                                  0.000000    0.000000   clock clk (rise edge)
                                  1.571165    1.571165   clock network delay (propagated)
                      0.154339    0.000000    1.571165 ^ _2151_/CLK (sky130_fd_sc_hd__dfxtp_4)
    15    0.074438    0.195740    0.829259    2.400423 v _2151_/Q (sky130_fd_sc_hd__dfxtp_4)
                                                         core.state[12] (net)
                      0.195777    0.002727    2.403150 v _1456_/A (sky130_fd_sc_hd__nand2_1)
     2    0.023886    0.352613    0.358351    2.761501 ^ _1456_/Y (sky130_fd_sc_hd__nand2_1)
                                                         _0828_ (net)
                      0.352621    0.001467    2.762968 ^ _1457_/B (sky130_fd_sc_hd__nor2_1)
     1    0.014104    0.158138    0.262915    3.025883 v _1457_/Y (sky130_fd_sc_hd__nor2_1)
                                                         _0006_ (net)
                      0.158138    0.000600    3.026483 v _2155_/D (sky130_fd_sc_hd__dfxtp_2)
                                              3.026483   data arrival time

                                  0.000000    0.000000   clock clk (rise edge)
                                  1.570919    1.570919   clock network delay (propagated)
                                  0.500000    2.070919   clock uncertainty
                                  0.000000    2.070919   clock reconvergence pessimism
                                              2.070919 ^ _2155_/CLK (sky130_fd_sc_hd__dfxtp_2)
                                 -0.102833    1.968087   library hold time
                                              1.968087   data required time
---------------------------------------------------------------------------------------------
                                              1.968087   data required time
                                             -3.026483   data arrival time
---------------------------------------------------------------------------------------------
                                              1.058396   slack (MET)


Startpoint: _2140_ (rising edge-triggered flip-flop clocked by clk)
Endpoint: _2075_ (rising edge-triggered flip-flop clocked by clk)
Path Group: clk
Path Type: max

Fanout         Cap        Slew       Delay        Time   Description
---------------------------------------------------------------------------------------------
                                  0.000000    0.000000   clock clk (rise edge)
                                  1.560749    1.560749   clock network delay (propagated)
                      0.143859    0.000000    1.560749 ^ _2140_/CLK (sky130_fd_sc_hd__dfxtp_4)
    14    0.083215    0.215900    0.836760    2.397508 v _2140_/Q (sky130_fd_sc_hd__dfxtp_4)
                                                         core.state[1] (net)
                      0.215968    0.003729    2.401237 v _1095_/B (sky130_fd_sc_hd__or4_2)
     2    0.013484    0.292271    1.710704    4.111941 v _1095_/X (sky130_fd_sc_hd__or4_2)
                                                         _0474_ (net)
                      0.292271    0.000311    4.112252 v _1103_/A2 (sky130_fd_sc_hd__o41ai_4)
     4    0.034174    0.912558    1.063619    5.175871 ^ _1103_/Y (sky130_fd_sc_hd__o41ai_4)
                                                         _0482_ (net)
                      0.912558    0.001644    5.177516 ^ _1384_/A2 (sky130_fd_sc_hd__a21oi_1)
     1    0.003686    0.179007    0.394743    5.572259 v _1384_/Y (sky130_fd_sc_hd__a21oi_1)
                                                         _0763_ (net)
                      0.179007    0.000116    5.572376 v _1386_/A1 (sky130_fd_sc_hd__o21ai_1)
     2    0.009618    0.356698    0.406591    5.978966 ^ _1386_/Y (sky130_fd_sc_hd__o21ai_1)
                                                         _0765_ (net)
                      0.356698    0.000327    5.979293 ^ _1388_/B (sky130_fd_sc_hd__xnor2_1)
     2    0.007849    0.177202    0.280997    6.260290 v _1388_/Y (sky130_fd_sc_hd__xnor2_1)
                                                         _0767_ (net)
                      0.177202    0.000203    6.260492 v _1389_/A2 (sky130_fd_sc_hd__a21oi_1)
     2    0.010037    0.386279    0.440365    6.700857 ^ _1389_/Y (sky130_fd_sc_hd__a21oi_1)
                                                         _0768_ (net)
                      0.386279    0.000269    6.701126 ^ _1391_/C (sky130_fd_sc_hd__maj3_1)
     2    0.010045    0.192223    0.516411    7.217537 ^ _1391_/X (sky130_fd_sc_hd__maj3_1)
                                                         _0770_ (net)
                      0.192223    0.000304    7.217842 ^ _1393_/C (sky130_fd_sc_hd__maj3_1)
     2    0.008776    0.174399    0.420820    7.638661 ^ _1393_/X (sky130_fd_sc_hd__maj3_1)
                                                         _0772_ (net)
                      0.174399    0.000218    7.638880 ^ _1395_/C (sky130_fd_sc_hd__maj3_1)
     2    0.009045    0.178181    0.416227    8.055107 ^ _1395_/X (sky130_fd_sc_hd__maj3_1)
                                                         _0774_ (net)
                      0.178181    0.000308    8.055415 ^ _1397_/C (sky130_fd_sc_hd__maj3_1)
     2    0.008822    0.175041    0.415264    8.470679 ^ _1397_/X (sky130_fd_sc_hd__maj3_1)
                                                         _0776_ (net)
                      0.175041    0.000296    8.470975 ^ _1399_/A1 (sky130_fd_sc_hd__o21ai_1)
     2    0.008180    0.173426    0.243724    8.714700 v _1399_/Y (sky130_fd_sc_hd__o21ai_1)
                                                         _0778_ (net)
                      0.173426    0.000214    8.714913 v _1401_/C (sky130_fd_sc_hd__maj3_1)
     2    0.009810    0.209088    0.887424    9.602338 v _1401_/X (sky130_fd_sc_hd__maj3_1)
                                                         _0780_ (net)
                      0.209088    0.000349    9.602687 v _1404_/A1 (sky130_fd_sc_hd__a21oi_1)
     2    0.008608    0.342159    0.397153    9.999840 ^ _1404_/Y (sky130_fd_sc_hd__a21oi_1)
                                                         _0783_ (net)
                      0.342159    0.000208   10.000048 ^ _1407_/A1 (sky130_fd_sc_hd__o21ai_1)
     2    0.010364    0.216843    0.332924   10.332972 v _1407_/Y (sky130_fd_sc_hd__o21ai_1)
                                                         _0786_ (net)
                      0.216843    0.000331   10.333302 v _1409_/C (sky130_fd_sc_hd__maj3_1)
     2    0.018931    0.280711    0.987909   11.321212 v _1409_/X (sky130_fd_sc_hd__maj3_1)
                                                         _0788_ (net)
                      0.280711    0.000713   11.321925 v _1411_/C (sky130_fd_sc_hd__maj3_1)
     2    0.011359    0.226733    0.946695   12.268620 v _1411_/X (sky130_fd_sc_hd__maj3_1)
                                                         _0790_ (net)
                      0.226733    0.000393   12.269013 v _1413_/C (sky130_fd_sc_hd__maj3_1)
     2    0.008834    0.197797    0.894268   13.163281 v _1413_/X (sky130_fd_sc_hd__maj3_1)
                                                         _0792_ (net)
                      0.197797    0.000173   13.163455 v _1415_/C (sky130_fd_sc_hd__maj3_1)
     2    0.009649    0.206904    0.893865   14.057321 v _1415_/X (sky130_fd_sc_hd__maj3_1)
                                                         _0794_ (net)
                      0.206904    0.000249   14.057569 v _1417_/C (sky130_fd_sc_hd__maj3_1)
     2    0.009024    0.199917    0.889503   14.947072 v _1417_/X (sky130_fd_sc_hd__maj3_1)
                                                         _0796_ (net)
                      0.199917    0.000258   14.947330 v _1419_/C (sky130_fd_sc_hd__maj3_1)
     2    0.009103    0.200791    0.888049   15.835378 v _1419_/X (sky130_fd_sc_hd__maj3_1)
                                                         _0798_ (net)
                      0.200791    0.000233   15.835610 v _1421_/C (sky130_fd_sc_hd__maj3_1)
     2    0.010380    0.215253    0.903636   16.739246 v _1421_/X (sky130_fd_sc_hd__maj3_1)
                                                         _0800_ (net)
                      0.215253    0.000256   16.739502 v _1423_/C (sky130_fd_sc_hd__maj3_1)
     2    0.018573    0.277859    0.984521   17.724024 v _1423_/X (sky130_fd_sc_hd__maj3_1)
                                                         _0802_ (net)
                      0.277859    0.000545   17.724569 v _1425_/C (sky130_fd_sc_hd__maj3_2)
     3    0.021698    0.200115    0.817554   18.542124 v _1425_/X (sky130_fd_sc_hd__maj3_2)
                                                         _0804_ (net)
                      0.200121    0.001343   18.543467 v _1429_/A1 (sky130_fd_sc_hd__a211oi_4)
     3    0.020389    0.484312    0.573680   19.117146 ^ _1429_/Y (sky130_fd_sc_hd__a211oi_4)
                                                         _0808_ (net)
                      0.484312    0.000993   19.118139 ^ _1432_/A3 (sky130_fd_sc_hd__o311ai_4)
     3    0.018773    0.242040    0.349640   19.467779 v _1432_/Y (sky130_fd_sc_hd__o311ai_4)
                                                         _0811_ (net)
                      0.242041    0.001135   19.468914 v _1509_/A2 (sky130_fd_sc_hd__a21oi_1)
     2    0.008438    0.337558    0.430051   19.898964 ^ _1509_/Y (sky130_fd_sc_hd__a21oi_1)
                                                         _0867_ (net)
                      0.337558    0.000203   19.899168 ^ _1511_/B2 (sky130_fd_sc_hd__o22ai_2)
     1    0.011534    0.161195    0.260476   20.159643 v _1511_/Y (sky130_fd_sc_hd__o22ai_2)
                                                         _0869_ (net)
                      0.161196    0.000522   20.160166 v _1514_/A1 (sky130_fd_sc_hd__a21oi_4)
     1    0.017250    0.269333    0.322848   20.483013 ^ _1514_/Y (sky130_fd_sc_hd__a21oi_4)
                                                         ECO_BUF_1_IN (net)
                      0.269358    0.001187   20.484200 ^ ECO_BUF_1/A (sky130_fd_sc_hd__buf_8)
    22    0.176834    0.441334    0.523588   21.007788 ^ ECO_BUF_1/X (sky130_fd_sc_hd__buf_8)
                                                         _0872_ (net)
                      0.441878    0.012889   21.020678 ^ _2000_/S (sky130_fd_sc_hd__mux2_1)
     1    0.002689    0.108941    0.811626   21.832304 v _2000_/X (sky130_fd_sc_hd__mux2_1)
                                                         _0133_ (net)
                      0.108941    0.000083   21.832388 v hold179/A (sky130_fd_sc_hd__dlygate4sd3_1)
     1    0.003030    0.107622    1.145690   22.978077 v hold179/X (sky130_fd_sc_hd__dlygate4sd3_1)
                                                         net194 (net)
                      0.107622    0.000098   22.978174 v _2075_/D (sky130_fd_sc_hd__dfxtp_1)
                                             22.978174   data arrival time

                                100.000000  100.000000   clock clk (rise edge)
                                  1.553721  101.553719   clock network delay (propagated)
                                 -0.500000  101.053719   clock uncertainty
                                  0.000000  101.053719   clock reconvergence pessimism
                                            101.053719 ^ _2075_/CLK (sky130_fd_sc_hd__dfxtp_1)
                                 -0.267058  100.786659   library setup time
                                            100.786659   data required time
---------------------------------------------------------------------------------------------
                                            100.786659   data required time
                                            -22.978174   data arrival time
---------------------------------------------------------------------------------------------
                                             77.808479   slack (MET)


